/home/nhatthanhduong/Thanh/projects/autoresearch/lims-single-cell/train.py:72: UserWarning: Suffix used (-[0-9]+) to deduplicate index values may make index values difficult to interpret. There values with a similar suffixes in the index. Consider using a different delimiter by passing `join={delimiter}`. Example key collisions generated by the make_index_unique algorithm: ['SNORD115-1', 'SNORD115-2', 'SNORD115-3', 'SNORD115-4', 'SNORD115-5']
  adata.var_names_make_unique()
/home/nhatthanhduong/.local/share/uv/python/cpython-3.11.15-linux-x86_64-gnu/lib/python3.11/functools.py:909: UserWarning: zero-centering a sparse array/matrix densifies it.
  return dispatch(args[0].__class__)(*args, **kw)
/home/nhatthanhduong/Thanh/projects/autoresearch/lims-single-cell/.venv/lib/python3.11/site-packages/scanpy/tools/_rank_genes_groups.py:458: PerformanceWarning: DataFrame is highly fragmented.  This is usually the result of calling `frame.insert` many times, which has poor performance.  Consider joining all columns at once using pd.concat(axis=1) instead. To get a de-fragmented frame, use `newframe = frame.copy()`
  self.stats[group_name, "names"] = self.var_names[global_indices]
/home/nhatthanhduong/Thanh/projects/autoresearch/lims-single-cell/.venv/lib/python3.11/site-packages/scanpy/tools/_rank_genes_groups.py:460: PerformanceWarning: DataFrame is highly fragmented.  This is usually the result of calling `frame.insert` many times, which has poor performance.  Consider joining all columns at once using pd.concat(axis=1) instead. To get a de-fragmented frame, use `newframe = frame.copy()`
  self.stats[group_name, "scores"] = scores[global_indices]
/home/nhatthanhduong/Thanh/projects/autoresearch/lims-single-cell/.venv/lib/python3.11/site-packages/scanpy/tools/_rank_genes_groups.py:463: PerformanceWarning: DataFrame is highly fragmented.  This is usually the result of calling `frame.insert` many times, which has poor performance.  Consider joining all columns at once using pd.concat(axis=1) instead. To get a de-fragmented frame, use `newframe = frame.copy()`
  self.stats[group_name, "pvals"] = pvals[global_indices]
/home/nhatthanhduong/Thanh/projects/autoresearch/lims-single-cell/.venv/lib/python3.11/site-packages/scanpy/tools/_rank_genes_groups.py:473: PerformanceWarning: DataFrame is highly fragmented.  This is usually the result of calling `frame.insert` many times, which has poor performance.  Consider joining all columns at once using pd.concat(axis=1) instead. To get a de-fragmented frame, use `newframe = frame.copy()`
  self.stats[group_name, "pvals_adj"] = pvals_adj[global_indices]
/home/nhatthanhduong/Thanh/projects/autoresearch/lims-single-cell/.venv/lib/python3.11/site-packages/scanpy/tools/_rank_genes_groups.py:484: PerformanceWarning: DataFrame is highly fragmented.  This is usually the result of calling `frame.insert` many times, which has poor performance.  Consider joining all columns at once using pd.concat(axis=1) instead. To get a de-fragmented frame, use `newframe = frame.copy()`
  self.stats[group_name, "logfoldchanges"] = np.log2(
/home/nhatthanhduong/Thanh/projects/autoresearch/lims-single-cell/.venv/lib/python3.11/site-packages/scanpy/tools/_rank_genes_groups.py:458: PerformanceWarning: DataFrame is highly fragmented.  This is usually the result of calling `frame.insert` many times, which has poor performance.  Consider joining all columns at once using pd.concat(axis=1) instead. To get a de-fragmented frame, use `newframe = frame.copy()`
  self.stats[group_name, "names"] = self.var_names[global_indices]
/home/nhatthanhduong/Thanh/projects/autoresearch/lims-single-cell/.venv/lib/python3.11/site-packages/scanpy/tools/_rank_genes_groups.py:460: PerformanceWarning: DataFrame is highly fragmented.  This is usually the result of calling `frame.insert` many times, which has poor performance.  Consider joining all columns at once using pd.concat(axis=1) instead. To get a de-fragmented frame, use `newframe = frame.copy()`
  self.stats[group_name, "scores"] = scores[global_indices]
/home/nhatthanhduong/Thanh/projects/autoresearch/lims-single-cell/.venv/lib/python3.11/site-packages/scanpy/tools/_rank_genes_groups.py:463: PerformanceWarning: DataFrame is highly fragmented.  This is usually the result of calling `frame.insert` many times, which has poor performance.  Consider joining all columns at once using pd.concat(axis=1) instead. To get a de-fragmented frame, use `newframe = frame.copy()`
  self.stats[group_name, "pvals"] = pvals[global_indices]
/home/nhatthanhduong/Thanh/projects/autoresearch/lims-single-cell/.venv/lib/python3.11/site-packages/scanpy/tools/_rank_genes_groups.py:473: PerformanceWarning: DataFrame is highly fragmented.  This is usually the result of calling `frame.insert` many times, which has poor performance.  Consider joining all columns at once using pd.concat(axis=1) instead. To get a de-fragmented frame, use `newframe = frame.copy()`
  self.stats[group_name, "pvals_adj"] = pvals_adj[global_indices]
/home/nhatthanhduong/Thanh/projects/autoresearch/lims-single-cell/.venv/lib/python3.11/site-packages/scanpy/tools/_rank_genes_groups.py:484: PerformanceWarning: DataFrame is highly fragmented.  This is usually the result of calling `frame.insert` many times, which has poor performance.  Consider joining all columns at once using pd.concat(axis=1) instead. To get a de-fragmented frame, use `newframe = frame.copy()`
  self.stats[group_name, "logfoldchanges"] = np.log2(
/home/nhatthanhduong/.local/share/uv/python/cpython-3.11.15-linux-x86_64-gnu/lib/python3.11/functools.py:909: UserWarning: zero-centering a sparse array/matrix densifies it.
  return dispatch(args[0].__class__)(*args, **kw)
/home/nhatthanhduong/.local/share/uv/python/cpython-3.11.15-linux-x86_64-gnu/lib/python3.11/functools.py:909: UserWarning: zero-centering a sparse array/matrix densifies it.
  return dispatch(args[0].__class__)(*args, **kw)
/home/nhatthanhduong/.local/share/uv/python/cpython-3.11.15-linux-x86_64-gnu/lib/python3.11/functools.py:909: UserWarning: zero-centering a sparse array/matrix densifies it.
  return dispatch(args[0].__class__)(*args, **kw)
{
  "marker_coherence": 0.15909090909090906,
  "cluster_stability": 0.7510603593917168,
  "silhouette": 0.63698410987854,
  "cluster_balance": 0.9053430493951269,
  "objective": 0.5068855983690994
}
